{'language': 'python', 'fixed_code': 'def is_prime(n):\n    if n <= 1:\n        return False\n    for i in range(2, int(n**0.5) + 1):\n        if n % i == 0:\n            return False\n    return True\n\n', 'errors': [{'line': 2, 'type': 'SyntaxError', 'explanation': 'Missing parentheses'}], 'changes': [{'original': 'for i in range(2, int(n**0.5))', 'fixed': 'for i in range(2, int(n**0.5) + 1)', 'reason': 'The range function requires parentheses, and the upper bound was missing the +1 to include the integer square root for proper prime checking.'}], 'summary': 'Fixed the range function syntax and adjusted the upper bound to correctly check for prime numbers.'}