﻿
> app@0.0.0 build
> vite build

[36mvite v8.0.0 [32mbuilding client environment for production...[36m[39m
[2K
transforming...Γ£ô 36 modules transformed.
node.exe : 
[31mΓ£ù[39m Build 
failed in 464ms
At line:1 char:1
+ & "C:\Program 
Files\nodejs/node.exe" 
"C:\Program 
Files\nodejs/node_mo 
...
+ ~~~~~~~~~~~~~~~~~~~~~
~~~~~~~~~~~~~~~~~~~~~~~
~~~~~~~~~~~~~~~~~~~~~~~
~~
    + CategoryInfo     
         : NotSpecifi  
  ed: ([31mΓ£ù[39m   
  Build failed in 4    
64ms:String) [], R    
emoteException
    + FullyQualifiedEr 
   rorId : NativeComm  
  andError
 
[31merror during 
build:
[31mBuild failed with 
1 error:

[plugin @tailwindcss/vi
te:generate:build] 
C:/Users/Indraneel Bose
/Downloads/stitch/app/s
rc/style.css
Error: Can't resolve 
'tailwindcss' in 
'C:\Users\Indraneel Bos
e\Downloads\stitch\app\
src'
    at 
finishWithoutResolve 
(C:\Users\Indraneel Bos
e\Downloads\stitch\app\
node_modules\enhanced-r
esolve\lib\Resolver.js:
587:18)
    at 
C:\Users\Indraneel Bose
\Downloads\stitch\app\n
ode_modules\enhanced-re
solve\lib\Resolver.js:6
79:14
    at 
C:\Users\Indraneel Bose
\Downloads\stitch\app\n
ode_modules\enhanced-re
solve\lib\Resolver.js:7
40:5
    at eval (eval at 
create 
(C:\Users\Indraneel Bos
e\Downloads\stitch\app\
node_modules\tapable\li
b\HookCodeFactory.js:31
:10), <anonymous>:15:1)
    at 
C:\Users\Indraneel Bose
\Downloads\stitch\app\n
ode_modules\enhanced-re
solve\lib\Resolver.js:7
40:5
    at eval (eval at 
create 
(C:\Users\Indraneel Bos
e\Downloads\stitch\app\
node_modules\tapable\li
b\HookCodeFactory.js:31
:10), <anonymous>:27:1)
    at 
C:\Users\Indraneel Bose
\Downloads\stitch\app\n
ode_modules\enhanced-re
solve\lib\DescriptionFi
lePlugin.js:89:43
    at 
C:\Users\Indraneel Bose
\Downloads\stitch\app\n
ode_modules\enhanced-re
solve\lib\Resolver.js:7
40:5
    at eval (eval at 
create 
(C:\Users\Indraneel Bos
e\Downloads\stitch\app\
node_modules\tapable\li
b\HookCodeFactory.js:31
:10), <anonymous>:15:1)
    at 
C:\Users\Indraneel Bose
\Downloads\stitch\app\n
ode_modules\enhanced-re
solve\lib\Resolver.js:7
40:5[31m
    at aggregateBinding
ErrorsIntoJsError (file
:///C:/Users/Indraneel%
20Bose/Downloads/stitch
/app/node_modules/rolld
own/dist/shared/error-C
P8smW_P.mjs:48:18)
    at 
unwrapBindingResult (fi
le:///C:/Users/Indranee
l%20Bose/Downloads/stit
ch/app/node_modules/rol
ldown/dist/shared/error
-CP8smW_P.mjs:18:128)
    at #build (file:///
C:/Users/Indraneel%20Bo
se/Downloads/stitch/app
/node_modules/rolldown/
dist/shared/rolldown-bu
ild-4YnQkA76.mjs:3311:3
4)
    at async 
buildEnvironment (file:
///C:/Users/Indraneel%2
0Bose/Downloads/stitch/
app/node_modules/vite/d
ist/node/chunks/node.js
:32794:64)
    at async 
Object.build (file:///C
:/Users/Indraneel%20Bos
e/Downloads/stitch/app/
node_modules/vite/dist/
node/chunks/node.js:332
16:19)
    at async 
Object.buildApp (file:/
//C:/Users/Indraneel%20
Bose/Downloads/stitch/a
pp/node_modules/vite/di
st/node/chunks/node.js:
33213:153)
    at async 
CAC.<anonymous> (file:/
//C:/Users/Indraneel%20
Bose/Downloads/stitch/a
pp/node_modules/vite/di
st/node/cli.js:778:3) {
  errors: 
[Getter/Setter]
}[39m
